2026-05-14T03:08:31.187Z [CODE] change:chg-MQ9ND4GV infra/gpu/runs.md: doc
2026-05-14T03:26:40.756Z [RESULT] change:chg-MTFN04AR 25 files modified (utility, debug-noise, exp-script, doc)
2026-05-14T03:32:10.907Z [RESULT] change:chg-B3VXWJCH 4 files modified (exp-script, doc)
2026-05-14T03:32:47.680Z [RESULT] change:chg-B3VXWJCH 5 files modified (other, exp-script, doc)
2026-05-14T03:55:15.618Z [RESULT] change:chg-DND7404S 8 files modified (utility, debug-noise, exp-script, doc)
2026-05-14T03:56:27.843Z [CODE] change:chg-1ZWYMNZT 2 files modified (utility)
2026-05-14T03:58:10.399Z [RESULT] change:chg-5JKGDMRA 3 files modified (utility, exp-script, doc)
2026-05-14T04:43:20.813Z [RESULT] change:chg-WY30RKMY 3 files modified (utility, exp-script, doc)
2026-05-14T04:43:43.807Z [RESULT] change:chg-WY30RKMY 4 files modified (other, utility, exp-script, doc)
2026-05-14T04:49:46.806Z [RESULT] change:chg-M5DHWHH2 3 files modified (exp-script, doc)
2026-05-14T05:22:12.893Z [CODE] change:chg-8BFYHT5T 4 files modified (utility, exp-script)
2026-05-14T05:32:22.725Z [CODE] change:chg-NYW8Z7NK autofusion_bench/exp001/meld_producer.py: utility
2026-05-14T06:02:33.488Z [RESULT] change:chg-25R02ZFC 3 files modified (exp-script, doc)
2026-05-14T09:06:09.153Z [RESULT] change:chg-S4BBQ7F8 3 files modified (exp-script, doc)
2026-05-14T10:22:53.096Z [CODE] change:chg-7WK6V5G7 4 files modified (decision, doc)
2026-05-14T10:28:20.015Z [CODE] change:chg-NEWB6K2T 5 files modified (utility, exp-script, doc)
2026-05-14T11:40:57.895Z [CODE] change:chg-CHKZP47W 3 files modified (utility, exp-script, doc)
2026-05-14T11:55:47.559Z [RESULT] change:chg-RCJ0JCTM 3 files modified (exp-script, doc)
2026-05-15T01:01:10.779Z [CODE] change:chg-KQ5MSD19 7 files modified (utility, decision, doc)
2026-05-15T01:03:21.144Z [CODE] change:chg-KFF1GN38 experiments/exp-001-decision-surface-pilot/run_semvis_text_stress_gpu43.sh: exp-script
2026-05-15T01:03:25.331Z [CODE] change:chg-KFF1GN38 2 files modified (other, exp-script)
2026-05-15T01:04:24.895Z [CODE] change:chg-E8MBKKKY experiments/exp-001-decision-surface-pilot/run_semvis_text_stress_gpu43.sh: exp-script
2026-05-15T01:14:55.711Z [RESULT] change:chg-Y1S64YZZ 4 files modified (decision, exp-script, doc)
2026-05-17T13:08:48.024Z [CODE] change:chg-64J59TT6 17 files modified (index, doc, claim, formalism)
2026-06-08T08:36:50.412Z [RESULT] change:chg-ZV7G8K2M 22 files modified (other, claim, exp-script, doc)
2026-06-08T08:37:05.115Z [RESULT] change:chg-ZV7G8K2M 25 files modified (other, index, claim, exp-script, doc)
2026-06-08T08:56:38.846Z [RESULT] change:chg-A0MZ4J0V 12 files modified (exp-script, doc)
2026-06-08T09:21:59.606Z [RESULT] change:chg-K1A8TTS0 5 files modified (exp-script, doc)
2026-06-08T09:22:55.883Z [CODE] change:chg-8V49646X experiments/exp-002-diag-action-pilot/data/pilot_model_feasibility.md: exp-script
2026-06-08T09:23:06.058Z [CODE] change:chg-8V49646X 2 files modified (other, exp-script)
2026-06-08T09:45:51.887Z [RESULT] change:chg-TGE85QT1 4 files modified (exp-script, doc)
